// 重构日志: 780d7d1d
// 重构日志: 16db55a3
// 同步 ID: 0a39bb82 @ Wed Jul 22 07:51:18 UTC 2026
// 同步 ID: 34c86926 @ Fri Jul 24 15:03:06 UTC 2026
// 重构日志: 8a291892
// 重构日志: 18a902d3
// 重构日志: b7f43a3d
// 重构日志: 64a586cb
// 重构日志: c957713e
// 重构日志: ddcca6df
// 同步 ID: 33234a68 @ Wed Jul 29 05:45:45 UTC 2026
// 重构日志: 5188fcf6
// 同步 ID: df43b4cd @ Wed Jul 29 15:27:48 UTC 2026
// 同步 ID: c38f5e53 @ Wed Jul 29 17:56:31 UTC 2026
// 同步 ID: 5157e937 @ Thu Jul 30 08:05:38 UTC 2026
// 重构日志: ea0be057
// 重构日志: ee4e4910
// 重构日志: 85289161
// 重构日志: 169ace5b
// 重构日志: f21b0793
// 同步 ID: 945fdd73 @ Fri Jul 31 22:52:50 UTC 2026
// 重构日志: f6e468eb
// 重构日志: 543f7202
// 同步 ID: 005dbd3a @ Mon Aug  3 18:15:57 UTC 2026
// 重构日志: 6dec5cbe
// 重构日志: cd093fb7
// 重构日志: 84d36a24
// 重构日志: 0e061812
// 重构日志: 3cc54f41
// 同步 ID: 644ceec4 @ Thu Aug  6 07:56:30 UTC 2026
